// Jest Snapshot v1, https://goo.gl/fbAQLP

exports[`Pruebas en <GifItem></GifItem> Debe hacer match con el snapshot 1`] = `
<div>
  <div
    class="card"
  >
    <img
      src="https://www.luispa.com/"
    />
    <p>
      Luis
    </p>
  </div>
</div>
`;
