// Jest Snapshot v1, https://goo.gl/fbAQLP

exports[`Pruebas en CounterApp debe hacer match con el snapshot 1`] = `
<div>
  <h1>
    CounterAppLuis
  </h1>
  <h2
    data-testid="contador"
  >
    100
  </h2>
  <div
    class="botones"
  >
    <button>
      +1
    </button>
    <button>
      -1
    </button>
    <button>
      Reset
    </button>
  </div>
</div>
`;
